Flow report for radioberry
Mon Dec 04 14:49:20 2017
Quartus II 64-Bit Version 13.1.0 Build 162 10/23/2013 SJ Web Edition


---------------------
; Table of Contents ;
---------------------
  1. Legal Notice
  2. Flow Summary
  3. Flow Settings
  4. Flow Non-Default Global Settings
  5. Flow Elapsed Time
  6. Flow OS Summary
  7. Flow Log
  8. Flow Messages
  9. Flow Suppressed Messages



----------------
; Legal Notice ;
----------------
Copyright (C) 1991-2013 Altera Corporation
Your use of Altera Corporation's design tools, logic functions 
and other software and tools, and its AMPP partner logic 
functions, and any output files from any of the foregoing 
(including device programming or simulation files), and any 
associated documentation or information are expressly subject 
to the terms and conditions of the Altera Program License 
Subscription Agreement, Altera MegaCore Function License 
Agreement, or other applicable license agreement, including, 
without limitation, that your use is for the sole purpose of 
programming logic devices manufactured by Altera and sold by 
Altera or its authorized distributors.  Please refer to the 
applicable agreement for further details.



+---------------------------------------------------------------------------------+
; Flow Summary                                                                    ;
+------------------------------------+--------------------------------------------+
; Flow Status                        ; Successful - Mon Dec 04 14:48:53 2017      ;
; Quartus II 64-Bit Version          ; 13.1.0 Build 162 10/23/2013 SJ Web Edition ;
; Revision Name                      ; radioberry                                 ;
; Top-level Entity Name              ; radioberry                                 ;
; Family                             ; Cyclone III                                ;
; Device                             ; EP3C25E144C8                               ;
; Timing Models                      ; Final                                      ;
; Total logic elements               ; 13,683 / 24,624 ( 56 % )                   ;
;     Total combinational functions  ; 10,799 / 24,624 ( 44 % )                   ;
;     Dedicated logic registers      ; 10,038 / 24,624 ( 41 % )                   ;
; Total registers                    ; 10038                                      ;
; Total pins                         ; 56 / 83 ( 67 % )                           ;
; Total virtual pins                 ; 0                                          ;
; Total memory bits                  ; 374,912 / 608,256 ( 62 % )                 ;
; Embedded Multiplier 9-bit elements ; 94 / 132 ( 71 % )                          ;
; Total PLLs                         ; 1 / 4 ( 25 % )                             ;
+------------------------------------+--------------------------------------------+


+-----------------------------------------+
; Flow Settings                           ;
+-------------------+---------------------+
; Option            ; Setting             ;
+-------------------+---------------------+
; Start date & time ; 12/04/2017 14:45:41 ;
; Main task         ; Compilation         ;
; Revision Name     ; radioberry          ;
+-------------------+---------------------+


+------------------------------------------------------------------------------------------------------------------------+
; Flow Non-Default Global Settings                                                                                       ;
+-------------------------------------+---------------------------------------+---------------+-------------+------------+
; Assignment Name                     ; Value                                 ; Default Value ; Entity Name ; Section Id ;
+-------------------------------------+---------------------------------------+---------------+-------------+------------+
; COMPILER_SIGNATURE_ID               ; 220295161909995.151239514105916       ; --            ; --          ; --         ;
; IP_TOOL_NAME                        ; RAM: 2-PORT                           ; --            ; --          ; --         ;
; IP_TOOL_NAME                        ; ROM: 1-PORT                           ; --            ; --          ; --         ;
; IP_TOOL_NAME                        ; FIFO                                  ; --            ; --          ; --         ;
; IP_TOOL_NAME                        ; FIFO                                  ; --            ; --          ; --         ;
; IP_TOOL_NAME                        ; ALTPLL                                ; --            ; --          ; --         ;
; IP_TOOL_VERSION                     ; 12.1                                  ; --            ; --          ; --         ;
; IP_TOOL_VERSION                     ; 12.1                                  ; --            ; --          ; --         ;
; IP_TOOL_VERSION                     ; 12.1                                  ; --            ; --          ; --         ;
; IP_TOOL_VERSION                     ; 13.1                                  ; --            ; --          ; --         ;
; IP_TOOL_VERSION                     ; 13.1                                  ; --            ; --          ; --         ;
; MAX_CORE_JUNCTION_TEMP              ; 85                                    ; --            ; --          ; --         ;
; MIN_CORE_JUNCTION_TEMP              ; 0                                     ; --            ; --          ; --         ;
; MISC_FILE                           ; Polyphase_FIR/firram36I_1024_bb.v     ; --            ; --          ; --         ;
; MISC_FILE                           ; Polyphase_FIR/firromI_1024_bb.v       ; --            ; --          ; --         ;
; MISC_FILE                           ; txFIFO_bb.v                           ; --            ; --          ; --         ;
; MISC_FILE                           ; rxFIFO_bb.v                           ; --            ; --          ; --         ;
; MISC_FILE                           ; PLL_IAMBIC_bb.v                       ; --            ; --          ; --         ;
; MISC_FILE                           ; PLL_IAMBIC.ppf                        ; --            ; --          ; --         ;
; OUTPUT_IO_TIMING_FAR_END_VMEAS      ; Half Signal Swing                     ; --            ; --          ; --         ;
; OUTPUT_IO_TIMING_FAR_END_VMEAS      ; Half Signal Swing                     ; --            ; --          ; --         ;
; OUTPUT_IO_TIMING_NEAR_END_VMEAS     ; Half Vccio                            ; --            ; --          ; --         ;
; OUTPUT_IO_TIMING_NEAR_END_VMEAS     ; Half Vccio                            ; --            ; --          ; --         ;
; PARTITION_COLOR                     ; 16764057                              ; --            ; --          ; Top        ;
; PARTITION_FITTER_PRESERVATION_LEVEL ; PLACEMENT_AND_ROUTING                 ; --            ; --          ; Top        ;
; PARTITION_NETLIST_TYPE              ; SOURCE                                ; --            ; --          ; Top        ;
; POWER_BOARD_THERMAL_MODEL           ; None (CONSERVATIVE)                   ; --            ; --          ; --         ;
; POWER_PRESET_COOLING_SOLUTION       ; 23 MM HEAT SINK WITH 200 LFPM AIRFLOW ; --            ; --          ; --         ;
; PROJECT_OUTPUT_DIRECTORY            ; output_files                          ; --            ; --          ; --         ;
; VERILOG_INPUT_VERSION               ; SystemVerilog_2005                    ; Verilog_2001  ; --          ; --         ;
; VERILOG_SHOW_LMF_MAPPING_MESSAGES   ; Off                                   ; --            ; --          ; --         ;
+-------------------------------------+---------------------------------------+---------------+-------------+------------+


+-------------------------------------------------------------------------------------------------------------------------------+
; Flow Elapsed Time                                                                                                             ;
+---------------------------+--------------+-------------------------+---------------------+------------------------------------+
; Module Name               ; Elapsed Time ; Average Processors Used ; Peak Virtual Memory ; Total CPU Time (on all processors) ;
+---------------------------+--------------+-------------------------+---------------------+------------------------------------+
; Analysis & Synthesis      ; 00:00:39     ; 1.0                     ; 681 MB              ; 00:00:36                           ;
; Fitter                    ; 00:02:18     ; 1.0                     ; 1034 MB             ; 00:02:16                           ;
; Assembler                 ; 00:00:03     ; 1.0                     ; 530 MB              ; 00:00:03                           ;
; TimeQuest Timing Analyzer ; 00:00:25     ; 1.0                     ; 747 MB              ; 00:00:24                           ;
; Total                     ; 00:03:25     ; --                      ; --                  ; 00:03:19                           ;
+---------------------------+--------------+-------------------------+---------------------+------------------------------------+


+----------------------------------------------------------------------------------------+
; Flow OS Summary                                                                        ;
+---------------------------+------------------+-----------+------------+----------------+
; Module Name               ; Machine Hostname ; OS Name   ; OS Version ; Processor type ;
+---------------------------+------------------+-----------+------------+----------------+
; Analysis & Synthesis      ; LAPTOP-E9KMQT1S  ; Windows 7 ; 6.2        ; x86_64         ;
; Fitter                    ; LAPTOP-E9KMQT1S  ; Windows 7 ; 6.2        ; x86_64         ;
; Assembler                 ; LAPTOP-E9KMQT1S  ; Windows 7 ; 6.2        ; x86_64         ;
; TimeQuest Timing Analyzer ; LAPTOP-E9KMQT1S  ; Windows 7 ; 6.2        ; x86_64         ;
+---------------------------+------------------+-----------+------------+----------------+


------------
; Flow Log ;
------------
quartus_map --read_settings_files=on --write_settings_files=off RadioBerry -c radioberry
quartus_fit --read_settings_files=off --write_settings_files=off RadioBerry -c radioberry
quartus_asm --read_settings_files=off --write_settings_files=off RadioBerry -c radioberry
quartus_sta RadioBerry -c radioberry



